haxelib run hxcpp Build.xml haxe -Danalyzer_module="1" -Danalyzer_optimize="1" -Dhaxe="4.3.7" -Dhaxe3="1" -Dhaxe4="1" -Dhaxe_ver="4.307" -Dhxcpp_api_level="430" -Dhxcpp_smart_strings="1" -Dsource_header="Generated by Haxe 4.3.7" -Dstatic="1" -Dtarget.atomics="1" -Dtarget.name="cpp" -Dtarget.static="1" -Dtarget.sys="1" -Dtarget.threaded="1" -Dtarget.unicode="1" -Dtarget.utf16="1" -Dutf16="1" -Itests/ -I -IC:\\HaxeToolkit\\haxe\\extraLibs/ -IC:\\HaxeToolkit\\haxe\\std/cpp/_std/ -IC:\\HaxeToolkit\\haxe\\std/
Creating E:/Hython/bin/test/cpp/obj/msvc19/__pch/haxe/hxcpp.pch...
hxcpp.cpp

Compiling group: haxe
cl.exe -Iinclude -nologo /WX- /fp:precise -DHX_WINDOWS -GR -O2(optim-std) -Zi(debug) -FdE:\Hython\bin\test\cpp\obj/msvc19/vc.pdb(debug) -Od(debug) -O2(release) -Os(optim-size) -FS -Oy- -c -EHs -GS- -arch:SSE2 -IC:/HaxeToolkit/haxe/lib/hxcpp/4,3,2/include -DHXCPP_VISIT_ALLOCS(haxe) -DHX_SMART_STRINGS(haxe) -DHXCPP_API_LEVEL=430(haxe) -D_CRT_SECURE_NO_DEPRECATE -D_ALLOW_MSC_VER_MISMATCH -D_ALLOW_ITERATOR_DEBUG_LEVEL_MISMATCH -wd4996 ... tags=[haxe,static]
 - src/paopao/hython/bytecode/BytecodeCompiler.cpp 
 - src/haxe/NativeStackTrace.cpp 
 - src/tests/unit/TestRunner.cpp 
 - src/paopao/hython/HythonFunction.cpp 
 - src/tests/tests/TestName.cpp 
 - src/tests/tests/TestPerformance.cpp 
 - src/paopao/hython/Parser.cpp 
 - src/paopao/hython/bytecode/BytecodeDeserializer.cpp 
 - src/paopao/hython/Lexer.cpp 
 - src/sys/thread/_Thread/HaxeThread.cpp 
 - src/haxe/io/BytesInput.cpp 
 - src/paopao/hython/Interp.cpp 
 - src/haxe/io/BytesOutput.cpp 
 - src/sys/thread/EventLoop.cpp 
 - src/haxe/_CallStack/CallStack_Impl_.cpp 
 - src/paopao/hython/Error.cpp 
 - src/haxe/MainLoop.cpp 
Link: TestMain.exe
   Creating library TestMain.lib and object TestMain.exp
